
/home/runner/work/exp-ester-kinetics-iitr/exp-ester-kinetics-iitr/experiment/simulation/js/3and4KMno4.js
    3:13   warning  'image2' is defined but never used                        no-unused-vars
   13:40   warning  'img3yimg3w' is defined but never used                    no-unused-vars
   19:5    warning  'animationInProgress' is assigned a value but never used  no-unused-vars
   24:5    warning  'gif' is defined but never used                           no-unused-vars
   25:5    warning  'blinking' is assigned a value but never used             no-unused-vars
   51:7    warning  'noStroke' is not defined                                 no-undef
   52:7    warning  'fill' is not defined                                     no-undef
   53:7    warning  'ellipse' is not defined                                  no-undef
   58:10   warning  'preload' is defined but never used                       no-unused-vars
   60:12   warning  'loadImage' is not defined                                no-undef
   61:3    warning  'imageKOH' is not defined                                 no-undef
   61:14   warning  'loadImage' is not defined                                no-undef
   62:3    warning  'img' is not defined                                      no-undef
   62:9    warning  'loadImage' is not defined                                no-undef
   64:11   warning  'loadImage' is not defined                                no-undef
   65:3    warning  'image3' is not defined                                   no-undef
   65:12   warning  'loadImage' is not defined                                no-undef
   66:3    warning  'frontflask' is not defined                               no-undef
   66:16   warning  'loadImage' is not defined                                no-undef
   67:3    warning  'frontflask2' is not defined                              no-undef
   67:17   warning  'loadImage' is not defined                                no-undef
   68:3    warning  'waterbath1' is not defined                               no-undef
   68:16   warning  'loadImage' is not defined                                no-undef
   69:3    warning  'liquid' is not defined                                   no-undef
   69:12   warning  'loadImage' is not defined                                no-undef
   70:3    warning  'nextimg' is not defined                                  no-undef
   70:13   warning  'loadImage' is not defined                                no-undef
   71:3    warning  'gif1' is not defined                                     no-undef
   71:10   warning  'createImg' is not defined                                no-undef
   72:3    warning  'gif2' is not defined                                     no-undef
   72:10   warning  'createImg' is not defined                                no-undef
   73:3    warning  'gif3' is not defined                                     no-undef
   73:10   warning  'createImg' is not defined                                no-undef
   74:3    warning  'gif4' is not defined                                     no-undef
   74:10   warning  'createImg' is not defined                                no-undef
   76:3    warning  'gif1' is not defined                                     no-undef
   77:3    warning  'gif2' is not defined                                     no-undef
   78:3    warning  'gif3' is not defined                                     no-undef
   79:3    warning  'gif4' is not defined                                     no-undef
   82:3    warning  'gif1' is not defined                                     no-undef
   83:3    warning  'gif2' is not defined                                     no-undef
   84:3    warning  'gif3' is not defined                                     no-undef
   85:3    warning  'gif4' is not defined                                     no-undef
   88:10   warning  'setup' is defined but never used                         no-unused-vars
   90:11   warning  'createCanvas' is not defined                             no-undef
   92:3    warning  'gif1' is not defined                                     no-undef
   93:3    warning  'gif2' is not defined                                     no-undef
   94:3    warning  'gif3' is not defined                                     no-undef
   95:3    warning  'gif4' is not defined                                     no-undef
   98:16   warning  'img3y' is not defined                                    no-undef
   98:29   warning  'img3w' is not defined                                    no-undef
  105:3    warning  'gif1' is not defined                                     no-undef
  116:16   warning  'createVector' is not defined                             no-undef
  124:18   warning  'createVector' is not defined                             no-undef
  124:38   warning  'img3y' is not defined                                    no-undef
  133:10   warning  'draw' is defined but never used                          no-unused-vars
  136:6    warning  'gif1' is not defined                                     no-undef
  137:3    warning  'gif2' is not defined                                     no-undef
  138:3    warning  'gif3' is not defined                                     no-undef
  139:3    warning  'gif4' is not defined                                     no-undef
  141:3    warning  'background' is not defined                               no-undef
  149:3    warning  'push' is not defined                                     no-undef
  151:5    warning  'tint' is not defined                                     no-undef
  153:3    warning  'image' is not defined                                    no-undef
  153:9    warning  'liquid' is not defined                                   no-undef
  154:3    warning  'image' is not defined                                    no-undef
  154:9    warning  'liquid' is not defined                                   no-undef
  155:3    warning  'pop' is not defined                                      no-undef
  156:3    warning  'image' is not defined                                    no-undef
  156:9    warning  'frontflask' is not defined                               no-undef
  157:3    warning  'image' is not defined                                    no-undef
  157:9    warning  'frontflask2' is not defined                              no-undef
  158:3    warning  'image' is not defined                                    no-undef
  158:9    warning  'waterbath1' is not defined                               no-undef
  162:4    warning  'image' is not defined                                    no-undef
  163:4    warning  'image' is not defined                                    no-undef
  163:10   warning  'imageKOH' is not defined                                 no-undef
  167:7    warning  'millis' is not defined                                   no-undef
  169:5    warning  'image' is not defined                                    no-undef
  169:11   warning  'nextimg' is not defined                                  no-undef
  170:5    warning  'imagee' is not defined                                   no-undef
  170:12   warning  'nextimg' is not defined                                  no-undef
  180:5    warning  'noStroke' is not defined                                 no-undef
  181:5    warning  'rect' is not defined                                     no-undef
  182:5    warning  'fill' is not defined                                     no-undef
  209:5    warning  'image' is not defined                                    no-undef
  209:11   warning  'image3' is not defined                                   no-undef
  209:55   warning  'img3w' is not defined                                    no-undef
  230:5    warning  'image' is not defined                                    no-undef
  230:11   warning  'image3' is not defined                                   no-undef
  230:55   warning  'img3w' is not defined                                    no-undef
  237:7    warning  'img3y' is not defined                                    no-undef
  241:7    warning  'gif3' is not defined                                     no-undef
  258:5    warning  'image' is not defined                                    no-undef
  258:11   warning  'image3' is not defined                                   no-undef
  258:55   warning  'img3w' is not defined                                    no-undef
  280:5    warning  'image' is not defined                                    no-undef
  280:11   warning  'image3' is not defined                                   no-undef
  280:55   warning  'img3w' is not defined                                    no-undef
  290:7    warning  'img3y' is not defined                                    no-undef
  294:7    warning  'gif4' is not defined                                     no-undef
  301:7    warning  'image' is not defined                                    no-undef
  301:13   warning  'image3' is not defined                                   no-undef
  301:53   warning  'img3w' is not defined                                    no-undef
  305:7    warning  'image' is not defined                                    no-undef
  305:13   warning  'image3' is not defined                                   no-undef
  305:51   warning  'img3w' is not defined                                    no-undef
  323:5    warning  'image' is not defined                                    no-undef
  323:11   warning  'img' is not defined                                      no-undef
  344:5    warning  'image' is not defined                                    no-undef
  344:11   warning  'img' is not defined                                      no-undef
  354:7    warning  'gif2' is not defined                                     no-undef
  361:5    warning  'image' is not defined                                    no-undef
  361:11   warning  'img' is not defined                                      no-undef
  371:10   warning  'mousePressed' is defined but never used                  no-unused-vars
  373:7    warning  'mouseX' is not defined                                   no-undef
  373:37   warning  'mouseX' is not defined                                   no-undef
  373:63   warning  'mouseY' is not defined                                   no-undef
  373:93   warning  'mouseY' is not defined                                   no-undef
  379:7    warning  'mouseX' is not defined                                   no-undef
  379:24   warning  'img3w' is not defined                                    no-undef
  379:37   warning  'mouseX' is not defined                                   no-undef
  379:54   warning  'img3w' is not defined                                    no-undef
  379:63   warning  'mouseY' is not defined                                   no-undef
  379:72   warning  'img3y' is not defined                                    no-undef
  379:93   warning  'mouseY' is not defined                                   no-undef
  379:102  warning  'img3y' is not defined                                    no-undef
  384:7    warning  'mouseX' is not defined                                   no-undef
  384:35   warning  'mouseX' is not defined                                   no-undef
  384:59   warning  'mouseY' is not defined                                   no-undef
  384:87   warning  'mouseY' is not defined                                   no-undef
  390:3    warning  'gif1' is not defined                                     no-undef
  394:16   warning  'createVector' is not defined                             no-undef
  395:17   warning  'createVector' is not defined                             no-undef
  403:3    warning  'gif2' is not defined                                     no-undef
  408:18   warning  'createVector' is not defined                             no-undef
  409:19   warning  'createVector' is not defined                             no-undef
  415:5    warning  'gif3' is not defined                                     no-undef
  421:19   warning  'createVector' is not defined                             no-undef
  422:20   warning  'createVector' is not defined                             no-undef
  427:5    warning  'gif4' is not defined                                     no-undef

/home/runner/work/exp-ester-kinetics-iitr/exp-ester-kinetics-iitr/experiment/simulation/js/3and4KMno42.js
    3:13   warning  'image2' is defined but never used                        no-unused-vars
   13:40   warning  'img3yimg3w' is defined but never used                    no-unused-vars
   18:5    warning  'animationInProgress' is assigned a value but never used  no-unused-vars
   23:5    warning  'gif' is defined but never used                           no-unused-vars
   24:5    warning  'blinking' is assigned a value but never used             no-unused-vars
   50:7    warning  'noStroke' is not defined                                 no-undef
   51:7    warning  'fill' is not defined                                     no-undef
   52:7    warning  'ellipse' is not defined                                  no-undef
   57:10   warning  'preload' is defined but never used                       no-unused-vars
   59:12   warning  'loadImage' is not defined                                no-undef
   60:3    warning  'img' is not defined                                      no-undef
   60:9    warning  'loadImage' is not defined                                no-undef
   61:11   warning  'loadImage' is not defined                                no-undef
   62:3    warning  'image3' is not defined                                   no-undef
   62:12   warning  'loadImage' is not defined                                no-undef
   63:3    warning  'frontflask' is not defined                               no-undef
   63:16   warning  'loadImage' is not defined                                no-undef
   64:3    warning  'liquid' is not defined                                   no-undef
   64:12   warning  'loadImage' is not defined                                no-undef
   65:3    warning  'liquid2' is not defined                                  no-undef
   65:13   warning  'loadImage' is not defined                                no-undef
   66:3    warning  'nextimg' is not defined                                  no-undef
   66:13   warning  'loadImage' is not defined                                no-undef
   67:3    warning  'gif1' is not defined                                     no-undef
   67:10   warning  'createImg' is not defined                                no-undef
   68:3    warning  'gif2' is not defined                                     no-undef
   68:10   warning  'createImg' is not defined                                no-undef
   69:3    warning  'gif3' is not defined                                     no-undef
   69:10   warning  'createImg' is not defined                                no-undef
   70:3    warning  'gif4' is not defined                                     no-undef
   70:10   warning  'createImg' is not defined                                no-undef
   72:3    warning  'gif1' is not defined                                     no-undef
   73:3    warning  'gif2' is not defined                                     no-undef
   74:3    warning  'gif3' is not defined                                     no-undef
   75:3    warning  'gif4' is not defined                                     no-undef
   78:3    warning  'gif1' is not defined                                     no-undef
   79:3    warning  'gif2' is not defined                                     no-undef
   80:3    warning  'gif3' is not defined                                     no-undef
   81:3    warning  'gif4' is not defined                                     no-undef
   84:10   warning  'setup' is defined but never used                         no-unused-vars
   86:14   warning  'createCanvas' is not defined                             no-undef
   88:3    warning  'gif1' is not defined                                     no-undef
   89:3    warning  'gif2' is not defined                                     no-undef
   90:3    warning  'gif3' is not defined                                     no-undef
   91:3    warning  'gif4' is not defined                                     no-undef
   96:16   warning  'img3y' is not defined                                    no-undef
   96:29   warning  'img3w' is not defined                                    no-undef
  100:3    warning  'gif1' is not defined                                     no-undef
  103:3    warning  'gif1' is not defined                                     no-undef
  104:3    warning  'gif2' is not defined                                     no-undef
  105:3    warning  'gif3' is not defined                                     no-undef
  106:3    warning  'gif4' is not defined                                     no-undef
  114:16   warning  'createVector' is not defined                             no-undef
  122:18   warning  'createVector' is not defined                             no-undef
  122:38   warning  'img3y' is not defined                                    no-undef
  131:10   warning  'draw' is defined but never used                          no-unused-vars
  131:43   warning  'mouseX' is not defined                                   no-undef
  131:67   warning  'mouseY' is not defined                                   no-undef
  133:3    warning  'background' is not defined                               no-undef
  141:3    warning  'push' is not defined                                     no-undef
  143:5    warning  'tint' is not defined                                     no-undef
  145:3    warning  'image' is not defined                                    no-undef
  145:9    warning  'liquid2' is not defined                                  no-undef
  146:3    warning  'pop' is not defined                                      no-undef
  147:3    warning  'image' is not defined                                    no-undef
  147:9    warning  'frontflask' is not defined                               no-undef
  152:7    warning  'millis' is not defined                                   no-undef
  154:5    warning  'image' is not defined                                    no-undef
  154:11   warning  'nextimg' is not defined                                  no-undef
  164:5    warning  'noStroke' is not defined                                 no-undef
  165:5    warning  'rect' is not defined                                     no-undef
  166:5    warning  'fill' is not defined                                     no-undef
  193:5    warning  'image' is not defined                                    no-undef
  193:11   warning  'image3' is not defined                                   no-undef
  193:55   warning  'img3w' is not defined                                    no-undef
  214:5    warning  'image' is not defined                                    no-undef
  214:11   warning  'image3' is not defined                                   no-undef
  214:55   warning  'img3w' is not defined                                    no-undef
  221:7    warning  'img3y' is not defined                                    no-undef
  225:7    warning  'gif3' is not defined                                     no-undef
  242:5    warning  'image' is not defined                                    no-undef
  242:11   warning  'image3' is not defined                                   no-undef
  242:55   warning  'img3w' is not defined                                    no-undef
  264:5    warning  'image' is not defined                                    no-undef
  264:11   warning  'image3' is not defined                                   no-undef
  264:55   warning  'img3w' is not defined                                    no-undef
  274:7    warning  'img3y' is not defined                                    no-undef
  278:7    warning  'gif4' is not defined                                     no-undef
  285:7    warning  'image' is not defined                                    no-undef
  285:13   warning  'image3' is not defined                                   no-undef
  285:53   warning  'img3w' is not defined                                    no-undef
  289:7    warning  'image' is not defined                                    no-undef
  289:13   warning  'image3' is not defined                                   no-undef
  289:51   warning  'img3w' is not defined                                    no-undef
  296:3    warning  'image' is not defined                                    no-undef
  308:5    warning  'image' is not defined                                    no-undef
  308:11   warning  'img' is not defined                                      no-undef
  329:5    warning  'image' is not defined                                    no-undef
  329:11   warning  'img' is not defined                                      no-undef
  339:7    warning  'gif2' is not defined                                     no-undef
  346:5    warning  'image' is not defined                                    no-undef
  346:11   warning  'img' is not defined                                      no-undef
  356:10   warning  'mousePressed' is defined but never used                  no-unused-vars
  358:7    warning  'mouseX' is not defined                                   no-undef
  358:37   warning  'mouseX' is not defined                                   no-undef
  358:63   warning  'mouseY' is not defined                                   no-undef
  358:93   warning  'mouseY' is not defined                                   no-undef
  364:7    warning  'mouseX' is not defined                                   no-undef
  364:24   warning  'img3w' is not defined                                    no-undef
  364:37   warning  'mouseX' is not defined                                   no-undef
  364:54   warning  'img3w' is not defined                                    no-undef
  364:63   warning  'mouseY' is not defined                                   no-undef
  364:72   warning  'img3y' is not defined                                    no-undef
  364:93   warning  'mouseY' is not defined                                   no-undef
  364:102  warning  'img3y' is not defined                                    no-undef
  369:7    warning  'mouseX' is not defined                                   no-undef
  369:35   warning  'mouseX' is not defined                                   no-undef
  369:59   warning  'mouseY' is not defined                                   no-undef
  369:87   warning  'mouseY' is not defined                                   no-undef
  375:3    warning  'gif1' is not defined                                     no-undef
  379:16   warning  'createVector' is not defined                             no-undef
  380:17   warning  'createVector' is not defined                             no-undef
  388:3    warning  'gif2' is not defined                                     no-undef
  393:18   warning  'createVector' is not defined                             no-undef
  394:19   warning  'createVector' is not defined                             no-undef
  400:5    warning  'gif3' is not defined                                     no-undef
  406:19   warning  'createVector' is not defined                             no-undef
  407:20   warning  'createVector' is not defined                             no-undef
  412:5    warning  'gif4' is not defined                                     no-undef

/home/runner/work/exp-ester-kinetics-iitr/exp-ester-kinetics-iitr/experiment/simulation/js/First'.js
    1:27  warning  'ExperimentStorage' is not defined                      no-undef
    2:7   warning  'stored_var1' is assigned a value but never used        no-unused-vars
    3:7   warning  'stored_var2' is assigned a value but never used        no-unused-vars
   13:5   warning  'equivalencePointVolume' is defined but never used      no-unused-vars
   14:5   warning  'titrationFinished' is assigned a value but never used  no-unused-vars
   34:5   warning  'croppedImg' is defined but never used                  no-unused-vars
   35:5   warning  'gifImage' is defined but never used                    no-unused-vars
   48:5   warning  'ex2one' is assigned a value but never used             no-unused-vars
   49:5   warning  'exone' is assigned a value but never used              no-unused-vars
   52:3   warning  Unnecessary semicolon                                   no-extra-semi
   60:5   warning  'waterlevel' is assigned a value but never used         no-unused-vars
   72:5   warning  'shownext' is assigned a value but never used           no-unused-vars
   73:5   warning  'blinking' is assigned a value but never used           no-unused-vars
   74:5   warning  'blinkInterval' is assigned a value but never used      no-unused-vars
   82:10  warning  'preload' is defined but never used                     no-unused-vars
   83:15  warning  'loadImage' is not defined                              no-undef
   84:16  warning  'loadImage' is not defined                              no-undef
   86:14  warning  'loadImage' is not defined                              no-undef
   87:15  warning  'loadImage' is not defined                              no-undef
   90:21  warning  'loadImage' is not defined                              no-undef
  111:15  warning  'select' is not defined                                 no-undef
  114:6   warning  'windowWidth' is not defined                            no-undef
  120:12  warning  'createCanvas' is not defined                           no-undef
  128:3   warning  'background' is not defined                             no-undef
  130:3   warning  'slider1' is not defined                                no-undef
  130:13  warning  'select' is not defined                                 no-undef
  131:3   warning  'slider2' is not defined                                no-undef
  131:13  warning  'select' is not defined                                 no-undef
  132:3   warning  'slider3' is not defined                                no-undef
  132:13  warning  'select' is not defined                                 no-undef
  134:3   warning  'slider1' is not defined                                no-undef
  135:3   warning  'slider2' is not defined                                no-undef
  136:3   warning  'slider3' is not defined                                no-undef
  139:23  warning  'slider2' is not defined                                no-undef
  140:20  warning  'slider3' is not defined                                no-undef
  142:24  warning  'color' is not defined                                  no-undef
  146:12  warning  'width' is not defined                                  no-undef
  147:12  warning  'height' is not defined                                 no-undef
  154:16  warning  'color' is not defined                                  no-undef
  155:17  warning  'color' is not defined                                  no-undef
  187:10  warning  'draw' is defined but never used                        no-unused-vars
  189:3   warning  'frameRate' is not defined                              no-undef
  192:12  warning  'slider1' is not defined                                no-undef
  193:3   warning  'background' is not defined                             no-undef
  197:5   warning  'noStroke' is not defined                               no-undef
  198:5   warning  'fill' is not defined                                   no-undef
  199:5   warning  'rect' is not defined                                   no-undef
  199:10  warning  'width' is not defined                                  no-undef
  199:68  warning  'random' is not defined                                 no-undef
  199:85  warning  'random' is not defined                                 no-undef
  203:6   warning  'slider3' is not defined                                no-undef
  204:24  warning  'slider3' is not defined                                no-undef
  229:3   warning  'noStroke' is not defined                               no-undef
  230:3   warning  'fill' is not defined                                   no-undef
  232:3   warning  'rect' is not defined                                   no-undef
  232:8   warning  'width' is not defined                                  no-undef
  233:3   warning  'push' is not defined                                   no-undef
  235:3   warning  'image' is not defined                                  no-undef
  235:20  warning  'width' is not defined                                  no-undef
  236:3   warning  'noStroke' is not defined                               no-undef
  237:3   warning  'pop' is not defined                                    no-undef
  239:5   warning  'noStroke' is not defined                               no-undef
  240:5   warning  'fill' is not defined                                   no-undef
  254:5   warning  'image' is not defined                                  no-undef
  255:5   warning  'image' is not defined                                  no-undef
  263:5   warning  'push' is not defined                                   no-undef
  264:5   warning  'tint' is not defined                                   no-undef
  267:7   warning  'image' is not defined                                  no-undef
  270:7   warning  'image' is not defined                                  no-undef
  274:5   warning  'pop' is not defined                                    no-undef
  295:35  warning  'floor' is not defined                                  no-undef
  298:33  warning  'floor' is not defined                                  no-undef
  314:10  warning  'mousePressed' is defined but never used                no-unused-vars
  317:20  warning  'dist' is not defined                                   no-undef
  317:25  warning  'mouseX' is not defined                                 no-undef
  317:33  warning  'mouseY' is not defined                                 no-undef
  323:19  warning  'dist' is not defined                                   no-undef
  323:24  warning  'mouseX' is not defined                                 no-undef
  323:32  warning  'mouseY' is not defined                                 no-undef
  329:7   warning  'mouseX' is not defined                                 no-undef
  329:35  warning  'mouseX' is not defined                                 no-undef
  329:59  warning  'mouseY' is not defined                                 no-undef
  329:87  warning  'mouseY' is not defined                                 no-undef
  330:5   warning  'nextpressed' is not defined                            no-undef
  334:10  warning  'mouseReleased' is defined but never used               no-unused-vars
  341:10  warning  'changeArrowStyleToPointer' is defined but never used   no-unused-vars
  342:3   warning  'nextButton' is not defined                             no-undef
  385:31  warning  'sin' is not defined                                    no-undef
  386:3   warning  'push' is not defined                                   no-undef
  390:3   warning  'translate' is not defined                              no-undef
  390:13  warning  'width' is not defined                                  no-undef
  391:3   warning  'rotate' is not defined                                 no-undef
  391:10  warning  'radians' is not defined                                no-undef
  392:3   warning  'image' is not defined                                  no-undef
  392:30  warning  'width' is not defined                                  no-undef
  402:3   warning  'push' is not defined                                   no-undef
  403:3   warning  'tint' is not defined                                   no-undef
  406:5   warning  'image' is not defined                                  no-undef
  406:23  warning  'width' is not defined                                  no-undef
  409:5   warning  'image' is not defined                                  no-undef
  409:31  warning  'width' is not defined                                  no-undef
  413:3   warning  'pop' is not defined                                    no-undef
  414:3   warning  'image' is not defined                                  no-undef
  414:28  warning  'width' is not defined                                  no-undef
  415:3   warning  'pop' is not defined                                    no-undef
  440:23  warning  'slider2' is not defined                                no-undef
  441:20  warning  'slider3' is not defined                                no-undef
  451:23  warning  'random' is not defined                                 no-undef
  459:3   warning  'slider2' is not defined                                no-undef
  460:3   warning  'slider3' is not defined                                no-undef
  470:26  warning  'random' is not defined                                 no-undef
  471:27  warning  'random' is not defined                                 no-undef
  472:3   warning  'frameRate' is not defined                              no-undef
  473:3   warning  'fill' is not defined                                   no-undef
  474:3   warning  'noStroke' is not defined                               no-undef
  475:33  warning  'random' is not defined                                 no-undef
  481:28  warning  'random' is not defined                                 no-undef
  482:29  warning  'random' is not defined                                 no-undef
  484:5   warning  'ellipse' is not defined                                no-undef
  489:10  warning  'calculateN2' is defined but never used                 no-unused-vars

/home/runner/work/exp-ester-kinetics-iitr/exp-ester-kinetics-iitr/experiment/simulation/js/Mainfile'.js
    7:5   warning  'equivalencePointVolume' is defined but never used      no-unused-vars
    8:5   warning  'titrationFinished' is assigned a value but never used  no-unused-vars
   28:5   warning  'croppedImg' is defined but never used                  no-unused-vars
   29:5   warning  'gifImage' is defined but never used                    no-unused-vars
   42:5   warning  'ex2one' is assigned a value but never used             no-unused-vars
   43:5   warning  'exone' is assigned a value but never used              no-unused-vars
   46:3   warning  Unnecessary semicolon                                   no-extra-semi
   54:5   warning  'waterlevel' is assigned a value but never used         no-unused-vars
   67:5   warning  'blinking' is assigned a value but never used           no-unused-vars
   76:10  warning  'preload' is defined but never used                     no-unused-vars
   77:15  warning  'loadImage' is not defined                              no-undef
   78:16  warning  'loadImage' is not defined                              no-undef
   80:14  warning  'loadImage' is not defined                              no-undef
   81:15  warning  'loadImage' is not defined                              no-undef
   83:1   warning  'nextimg' is not defined                                no-undef
   83:11  warning  'loadImage' is not defined                              no-undef
   84:21  warning  'loadImage' is not defined                              no-undef
  105:15  warning  'select' is not defined                                 no-undef
  108:6   warning  'windowWidth' is not defined                            no-undef
  114:12  warning  'createCanvas' is not defined                           no-undef
  122:3   warning  'background' is not defined                             no-undef
  124:3   warning  'slider1' is not defined                                no-undef
  124:13  warning  'select' is not defined                                 no-undef
  125:3   warning  'slider2' is not defined                                no-undef
  125:13  warning  'select' is not defined                                 no-undef
  126:3   warning  'slider3' is not defined                                no-undef
  126:13  warning  'select' is not defined                                 no-undef
  128:3   warning  'slider1' is not defined                                no-undef
  129:3   warning  'slider2' is not defined                                no-undef
  130:3   warning  'slider3' is not defined                                no-undef
  133:23  warning  'slider2' is not defined                                no-undef
  134:20  warning  'slider3' is not defined                                no-undef
  136:24  warning  'color' is not defined                                  no-undef
  140:12  warning  'width' is not defined                                  no-undef
  141:12  warning  'height' is not defined                                 no-undef
  148:16  warning  'color' is not defined                                  no-undef
  149:17  warning  'color' is not defined                                  no-undef
  181:10  warning  'draw' is defined but never used                        no-unused-vars
  183:3   warning  'frameRate' is not defined                              no-undef
  186:12  warning  'slider1' is not defined                                no-undef
  187:3   warning  'background' is not defined                             no-undef
  191:5   warning  'noStroke' is not defined                               no-undef
  192:5   warning  'fill' is not defined                                   no-undef
  193:5   warning  'rect' is not defined                                   no-undef
  193:10  warning  'width' is not defined                                  no-undef
  193:68  warning  'random' is not defined                                 no-undef
  193:85  warning  'random' is not defined                                 no-undef
  197:6   warning  'slider3' is not defined                                no-undef
  198:24  warning  'slider3' is not defined                                no-undef
  223:3   warning  'noStroke' is not defined                               no-undef
  224:3   warning  'fill' is not defined                                   no-undef
  226:3   warning  'rect' is not defined                                   no-undef
  226:8   warning  'width' is not defined                                  no-undef
  227:3   warning  'push' is not defined                                   no-undef
  229:3   warning  'image' is not defined                                  no-undef
  229:20  warning  'width' is not defined                                  no-undef
  230:3   warning  'noStroke' is not defined                               no-undef
  231:3   warning  'pop' is not defined                                    no-undef
  233:5   warning  'noStroke' is not defined                               no-undef
  234:5   warning  'fill' is not defined                                   no-undef
  248:5   warning  'image' is not defined                                  no-undef
  249:5   warning  'image' is not defined                                  no-undef
  257:5   warning  'push' is not defined                                   no-undef
  258:5   warning  'tint' is not defined                                   no-undef
  261:7   warning  'image' is not defined                                  no-undef
  264:7   warning  'image' is not defined                                  no-undef
  268:5   warning  'pop' is not defined                                    no-undef
  289:35  warning  'floor' is not defined                                  no-undef
  298:9   warning  'millis' is not defined                                 no-undef
  300:7   warning  'image' is not defined                                  no-undef
  300:13  warning  'nextimg' is not defined                                no-undef
  307:10  warning  'mousePressed' is defined but never used                no-unused-vars
  310:20  warning  'dist' is not defined                                   no-undef
  310:25  warning  'mouseX' is not defined                                 no-undef
  310:33  warning  'mouseY' is not defined                                 no-undef
  316:19  warning  'dist' is not defined                                   no-undef
  316:24  warning  'mouseX' is not defined                                 no-undef
  316:32  warning  'mouseY' is not defined                                 no-undef
  322:7   warning  'mouseX' is not defined                                 no-undef
  322:35  warning  'mouseX' is not defined                                 no-undef
  322:59  warning  'mouseY' is not defined                                 no-undef
  322:87  warning  'mouseY' is not defined                                 no-undef
  327:10  warning  'mouseReleased' is defined but never used               no-unused-vars
  334:10  warning  'changeArrowStyleToPointer' is defined but never used   no-unused-vars
  335:3   warning  'nextButton' is not defined                             no-undef
  378:31  warning  'sin' is not defined                                    no-undef
  379:3   warning  'push' is not defined                                   no-undef
  383:3   warning  'translate' is not defined                              no-undef
  383:13  warning  'width' is not defined                                  no-undef
  384:3   warning  'rotate' is not defined                                 no-undef
  384:10  warning  'radians' is not defined                                no-undef
  385:3   warning  'image' is not defined                                  no-undef
  385:30  warning  'width' is not defined                                  no-undef
  395:3   warning  'push' is not defined                                   no-undef
  396:3   warning  'tint' is not defined                                   no-undef
  399:5   warning  'image' is not defined                                  no-undef
  399:23  warning  'width' is not defined                                  no-undef
  402:5   warning  'image' is not defined                                  no-undef
  402:31  warning  'width' is not defined                                  no-undef
  406:3   warning  'pop' is not defined                                    no-undef
  407:3   warning  'image' is not defined                                  no-undef
  407:28  warning  'width' is not defined                                  no-undef
  408:3   warning  'pop' is not defined                                    no-undef
  433:23  warning  'slider2' is not defined                                no-undef
  434:20  warning  'slider3' is not defined                                no-undef
  443:23  warning  'random' is not defined                                 no-undef
  455:3   warning  'slider2' is not defined                                no-undef
  456:3   warning  'slider3' is not defined                                no-undef
  467:26  warning  'random' is not defined                                 no-undef
  468:27  warning  'random' is not defined                                 no-undef
  469:3   warning  'frameRate' is not defined                              no-undef
  470:3   warning  'fill' is not defined                                   no-undef
  471:3   warning  'noStroke' is not defined                               no-undef
  472:33  warning  'random' is not defined                                 no-undef
  478:28  warning  'random' is not defined                                 no-undef
  479:29  warning  'random' is not defined                                 no-undef
  481:5   warning  'ellipse' is not defined                                no-undef
  493:3   warning  'ExperimentStorage' is not defined                      no-undef
  503:10  warning  'calculateN2' is defined but never used                 no-unused-vars

/home/runner/work/exp-ester-kinetics-iitr/exp-ester-kinetics-iitr/experiment/simulation/js/Mainfile.js
    7:5   warning  'equivalencePointVolume' is defined but never used      no-unused-vars
    8:5   warning  'titrationFinished' is assigned a value but never used  no-unused-vars
   28:5   warning  'croppedImg' is defined but never used                  no-unused-vars
   29:5   warning  'gifImage' is defined but never used                    no-unused-vars
   42:5   warning  'ex2one' is assigned a value but never used             no-unused-vars
   43:5   warning  'exone' is assigned a value but never used              no-unused-vars
   46:3   warning  Unnecessary semicolon                                   no-extra-semi
   54:5   warning  'waterlevel' is assigned a value but never used         no-unused-vars
   67:5   warning  'blinking' is assigned a value but never used           no-unused-vars
   74:10  warning  'preload' is defined but never used                     no-unused-vars
   75:15  warning  'loadImage' is not defined                              no-undef
   76:16  warning  'loadImage' is not defined                              no-undef
   77:14  warning  'loadImage' is not defined                              no-undef
   78:15  warning  'loadImage' is not defined                              no-undef
   80:1   warning  'nextimg' is not defined                                no-undef
   80:11  warning  'loadImage' is not defined                              no-undef
   81:21  warning  'loadImage' is not defined                              no-undef
  102:15  warning  'select' is not defined                                 no-undef
  105:6   warning  'windowWidth' is not defined                            no-undef
  111:12  warning  'createCanvas' is not defined                           no-undef
  119:3   warning  'background' is not defined                             no-undef
  121:3   warning  'slider1' is not defined                                no-undef
  121:13  warning  'select' is not defined                                 no-undef
  122:3   warning  'slider2' is not defined                                no-undef
  122:13  warning  'select' is not defined                                 no-undef
  123:3   warning  'slider3' is not defined                                no-undef
  123:13  warning  'select' is not defined                                 no-undef
  125:3   warning  'slider1' is not defined                                no-undef
  126:3   warning  'slider2' is not defined                                no-undef
  127:3   warning  'slider3' is not defined                                no-undef
  130:23  warning  'slider2' is not defined                                no-undef
  131:20  warning  'slider3' is not defined                                no-undef
  133:24  warning  'color' is not defined                                  no-undef
  137:12  warning  'width' is not defined                                  no-undef
  138:12  warning  'height' is not defined                                 no-undef
  145:16  warning  'color' is not defined                                  no-undef
  146:17  warning  'color' is not defined                                  no-undef
  174:23  warning  'slider2' is not defined                                no-undef
  175:20  warning  'slider3' is not defined                                no-undef
  180:10  warning  'draw' is defined but never used                        no-unused-vars
  182:3   warning  'frameRate' is not defined                              no-undef
  185:12  warning  'slider1' is not defined                                no-undef
  186:3   warning  'background' is not defined                             no-undef
  190:5   warning  'noStroke' is not defined                               no-undef
  191:5   warning  'fill' is not defined                                   no-undef
  192:5   warning  'rect' is not defined                                   no-undef
  192:10  warning  'width' is not defined                                  no-undef
  192:68  warning  'random' is not defined                                 no-undef
  192:85  warning  'random' is not defined                                 no-undef
  196:6   warning  'slider3' is not defined                                no-undef
  197:24  warning  'slider3' is not defined                                no-undef
  222:3   warning  'noStroke' is not defined                               no-undef
  223:3   warning  'fill' is not defined                                   no-undef
  225:3   warning  'rect' is not defined                                   no-undef
  225:8   warning  'width' is not defined                                  no-undef
  226:3   warning  'push' is not defined                                   no-undef
  228:3   warning  'image' is not defined                                  no-undef
  228:20  warning  'width' is not defined                                  no-undef
  229:3   warning  'noStroke' is not defined                               no-undef
  230:3   warning  'pop' is not defined                                    no-undef
  232:5   warning  'noStroke' is not defined                               no-undef
  233:5   warning  'fill' is not defined                                   no-undef
  247:5   warning  'image' is not defined                                  no-undef
  248:5   warning  'image' is not defined                                  no-undef
  256:5   warning  'push' is not defined                                   no-undef
  257:5   warning  'tint' is not defined                                   no-undef
  260:7   warning  'image' is not defined                                  no-undef
  263:7   warning  'image' is not defined                                  no-undef
  267:5   warning  'pop' is not defined                                    no-undef
  288:35  warning  'floor' is not defined                                  no-undef
  297:9   warning  'millis' is not defined                                 no-undef
  299:7   warning  'image' is not defined                                  no-undef
  299:13  warning  'nextimg' is not defined                                no-undef
  306:10  warning  'mousePressed' is defined but never used                no-unused-vars
  309:20  warning  'dist' is not defined                                   no-undef
  309:25  warning  'mouseX' is not defined                                 no-undef
  309:33  warning  'mouseY' is not defined                                 no-undef
  315:19  warning  'dist' is not defined                                   no-undef
  315:24  warning  'mouseX' is not defined                                 no-undef
  315:32  warning  'mouseY' is not defined                                 no-undef
  321:7   warning  'mouseX' is not defined                                 no-undef
  321:35  warning  'mouseX' is not defined                                 no-undef
  321:59  warning  'mouseY' is not defined                                 no-undef
  321:87  warning  'mouseY' is not defined                                 no-undef
  326:10  warning  'mouseReleased' is defined but never used               no-unused-vars
  333:10  warning  'changeArrowStyleToPointer' is defined but never used   no-unused-vars
  334:3   warning  'nextButton' is not defined                             no-undef
  373:31  warning  'sin' is not defined                                    no-undef
  374:3   warning  'push' is not defined                                   no-undef
  378:3   warning  'translate' is not defined                              no-undef
  378:13  warning  'width' is not defined                                  no-undef
  379:3   warning  'rotate' is not defined                                 no-undef
  379:10  warning  'radians' is not defined                                no-undef
  380:3   warning  'image' is not defined                                  no-undef
  380:30  warning  'width' is not defined                                  no-undef
  390:3   warning  'push' is not defined                                   no-undef
  391:3   warning  'tint' is not defined                                   no-undef
  394:5   warning  'image' is not defined                                  no-undef
  394:23  warning  'width' is not defined                                  no-undef
  397:5   warning  'image' is not defined                                  no-undef
  397:31  warning  'width' is not defined                                  no-undef
  401:3   warning  'pop' is not defined                                    no-undef
  402:3   warning  'image' is not defined                                  no-undef
  402:28  warning  'width' is not defined                                  no-undef
  403:3   warning  'pop' is not defined                                    no-undef
  428:23  warning  'slider2' is not defined                                no-undef
  429:20  warning  'slider3' is not defined                                no-undef
  438:23  warning  'random' is not defined                                 no-undef
  457:26  warning  'random' is not defined                                 no-undef
  458:27  warning  'random' is not defined                                 no-undef
  459:3   warning  'frameRate' is not defined                              no-undef
  460:3   warning  'fill' is not defined                                   no-undef
  461:3   warning  'noStroke' is not defined                               no-undef
  462:33  warning  'random' is not defined                                 no-undef
  468:28  warning  'random' is not defined                                 no-undef
  469:29  warning  'random' is not defined                                 no-undef
  471:5   warning  'ellipse' is not defined                                no-undef

/home/runner/work/exp-ester-kinetics-iitr/exp-ester-kinetics-iitr/experiment/simulation/js/Mainfile2.js
   18:5   warning  'equivalencePointVolume' is defined but never used      no-unused-vars
   19:5   warning  'titrationFinished' is assigned a value but never used  no-unused-vars
   39:5   warning  'croppedImg' is defined but never used                  no-unused-vars
   40:5   warning  'gifImage' is defined but never used                    no-unused-vars
   53:5   warning  'ex2one' is assigned a value but never used             no-unused-vars
   54:5   warning  'exone' is assigned a value but never used              no-unused-vars
   57:3   warning  Unnecessary semicolon                                   no-extra-semi
   65:5   warning  'waterlevel' is assigned a value but never used         no-unused-vars
   79:5   warning  'blinking' is assigned a value but never used           no-unused-vars
   86:10  warning  'preload' is defined but never used                     no-unused-vars
   87:15  warning  'loadImage' is not defined                              no-undef
   88:16  warning  'loadImage' is not defined                              no-undef
   89:14  warning  'loadImage' is not defined                              no-undef
   90:15  warning  'loadImage' is not defined                              no-undef
   92:1   warning  'nextimg' is not defined                                no-undef
   92:11  warning  'loadImage' is not defined                              no-undef
   93:21  warning  'loadImage' is not defined                              no-undef
  114:15  warning  'select' is not defined                                 no-undef
  117:6   warning  'windowWidth' is not defined                            no-undef
  123:12  warning  'createCanvas' is not defined                           no-undef
  131:3   warning  'background' is not defined                             no-undef
  133:3   warning  'slider1' is not defined                                no-undef
  133:13  warning  'select' is not defined                                 no-undef
  141:3   warning  'slider1' is not defined                                no-undef
  149:24  warning  'color' is not defined                                  no-undef
  153:12  warning  'width' is not defined                                  no-undef
  154:12  warning  'height' is not defined                                 no-undef
  161:16  warning  'color' is not defined                                  no-undef
  162:17  warning  'color' is not defined                                  no-undef
  195:10  warning  'draw' is defined but never used                        no-unused-vars
  197:3   warning  'frameRate' is not defined                              no-undef
  200:12  warning  'slider1' is not defined                                no-undef
  201:3   warning  'background' is not defined                             no-undef
  205:5   warning  'noStroke' is not defined                               no-undef
  206:5   warning  'fill' is not defined                                   no-undef
  207:5   warning  'rect' is not defined                                   no-undef
  207:10  warning  'width' is not defined                                  no-undef
  207:68  warning  'random' is not defined                                 no-undef
  207:85  warning  'random' is not defined                                 no-undef
  231:3   warning  'noStroke' is not defined                               no-undef
  232:3   warning  'fill' is not defined                                   no-undef
  234:3   warning  'rect' is not defined                                   no-undef
  234:8   warning  'width' is not defined                                  no-undef
  235:3   warning  'push' is not defined                                   no-undef
  237:3   warning  'image' is not defined                                  no-undef
  237:20  warning  'width' is not defined                                  no-undef
  238:3   warning  'noStroke' is not defined                               no-undef
  239:3   warning  'pop' is not defined                                    no-undef
  241:5   warning  'noStroke' is not defined                               no-undef
  242:5   warning  'fill' is not defined                                   no-undef
  256:5   warning  'image' is not defined                                  no-undef
  257:5   warning  'image' is not defined                                  no-undef
  265:5   warning  'push' is not defined                                   no-undef
  266:5   warning  'tint' is not defined                                   no-undef
  269:7   warning  'image' is not defined                                  no-undef
  272:7   warning  'image' is not defined                                  no-undef
  276:5   warning  'pop' is not defined                                    no-undef
  297:35  warning  'floor' is not defined                                  no-undef
  299:33  warning  'floor' is not defined                                  no-undef
  308:9   warning  'millis' is not defined                                 no-undef
  310:7   warning  'image' is not defined                                  no-undef
  310:13  warning  'nextimg' is not defined                                no-undef
  317:10  warning  'mousePressed' is defined but never used                no-unused-vars
  320:20  warning  'dist' is not defined                                   no-undef
  320:25  warning  'mouseX' is not defined                                 no-undef
  320:33  warning  'mouseY' is not defined                                 no-undef
  326:19  warning  'dist' is not defined                                   no-undef
  326:24  warning  'mouseX' is not defined                                 no-undef
  326:32  warning  'mouseY' is not defined                                 no-undef
  332:7   warning  'mouseX' is not defined                                 no-undef
  332:35  warning  'mouseX' is not defined                                 no-undef
  332:59  warning  'mouseY' is not defined                                 no-undef
  332:87  warning  'mouseY' is not defined                                 no-undef
  337:10  warning  'mouseReleased' is defined but never used               no-unused-vars
  344:10  warning  'changeArrowStyleToPointer' is defined but never used   no-unused-vars
  345:3   warning  'nextButton' is not defined                             no-undef
  384:31  warning  'sin' is not defined                                    no-undef
  385:3   warning  'push' is not defined                                   no-undef
  389:3   warning  'translate' is not defined                              no-undef
  389:13  warning  'width' is not defined                                  no-undef
  390:3   warning  'rotate' is not defined                                 no-undef
  390:10  warning  'radians' is not defined                                no-undef
  391:3   warning  'image' is not defined                                  no-undef
  391:30  warning  'width' is not defined                                  no-undef
  401:3   warning  'push' is not defined                                   no-undef
  402:3   warning  'tint' is not defined                                   no-undef
  405:5   warning  'image' is not defined                                  no-undef
  405:23  warning  'width' is not defined                                  no-undef
  408:5   warning  'image' is not defined                                  no-undef
  408:31  warning  'width' is not defined                                  no-undef
  412:3   warning  'pop' is not defined                                    no-undef
  413:3   warning  'image' is not defined                                  no-undef
  413:28  warning  'width' is not defined                                  no-undef
  414:3   warning  'pop' is not defined                                    no-undef
  448:41  warning  'random' is not defined                                 no-undef
  464:26  warning  'random' is not defined                                 no-undef
  465:27  warning  'random' is not defined                                 no-undef
  466:3   warning  'frameRate' is not defined                              no-undef
  467:3   warning  'fill' is not defined                                   no-undef
  468:3   warning  'noStroke' is not defined                               no-undef
  469:33  warning  'random' is not defined                                 no-undef
  475:28  warning  'random' is not defined                                 no-undef
  476:29  warning  'random' is not defined                                 no-undef
  478:5   warning  'ellipse' is not defined                                no-undef

/home/runner/work/exp-ester-kinetics-iitr/exp-ester-kinetics-iitr/experiment/simulation/js/phe_Bla.js
    3:13   warning  'image2' is defined but never used                        no-unused-vars
   13:40   warning  'img3yimg3w' is defined but never used                    no-unused-vars
   18:5    warning  'animationInProgress' is assigned a value but never used  no-unused-vars
   23:5    warning  'gif' is defined but never used                           no-unused-vars
   24:5    warning  'blinking' is assigned a value but never used             no-unused-vars
   50:7    warning  'noStroke' is not defined                                 no-undef
   51:7    warning  'fill' is not defined                                     no-undef
   52:7    warning  'ellipse' is not defined                                  no-undef
   57:10   warning  'preload' is defined but never used                       no-unused-vars
   59:12   warning  'loadImage' is not defined                                no-undef
   60:3    warning  'img' is not defined                                      no-undef
   60:9    warning  'loadImage' is not defined                                no-undef
   61:11   warning  'loadImage' is not defined                                no-undef
   62:3    warning  'image3' is not defined                                   no-undef
   62:12   warning  'loadImage' is not defined                                no-undef
   63:3    warning  'frontflask' is not defined                               no-undef
   63:16   warning  'loadImage' is not defined                                no-undef
   64:3    warning  'liquid' is not defined                                   no-undef
   64:12   warning  'loadImage' is not defined                                no-undef
   65:3    warning  'liquid2' is not defined                                  no-undef
   65:13   warning  'loadImage' is not defined                                no-undef
   66:3    warning  'nextimg' is not defined                                  no-undef
   66:13   warning  'loadImage' is not defined                                no-undef
   67:3    warning  'gif1' is not defined                                     no-undef
   67:10   warning  'createImg' is not defined                                no-undef
   68:3    warning  'gif2' is not defined                                     no-undef
   68:10   warning  'createImg' is not defined                                no-undef
   69:3    warning  'gif3' is not defined                                     no-undef
   69:10   warning  'createImg' is not defined                                no-undef
   70:3    warning  'gif4' is not defined                                     no-undef
   70:10   warning  'createImg' is not defined                                no-undef
   72:3    warning  'gif1' is not defined                                     no-undef
   73:3    warning  'gif2' is not defined                                     no-undef
   74:3    warning  'gif3' is not defined                                     no-undef
   75:3    warning  'gif4' is not defined                                     no-undef
   78:3    warning  'gif1' is not defined                                     no-undef
   79:3    warning  'gif2' is not defined                                     no-undef
   80:3    warning  'gif3' is not defined                                     no-undef
   81:3    warning  'gif4' is not defined                                     no-undef
   84:10   warning  'setup' is defined but never used                         no-unused-vars
   86:14   warning  'createCanvas' is not defined                             no-undef
   88:3    warning  'gif1' is not defined                                     no-undef
   89:3    warning  'gif2' is not defined                                     no-undef
   90:3    warning  'gif3' is not defined                                     no-undef
   91:3    warning  'gif4' is not defined                                     no-undef
   96:16   warning  'img3y' is not defined                                    no-undef
   96:29   warning  'img3w' is not defined                                    no-undef
  100:3    warning  'gif1' is not defined                                     no-undef
  103:3    warning  'gif1' is not defined                                     no-undef
  104:3    warning  'gif2' is not defined                                     no-undef
  105:3    warning  'gif3' is not defined                                     no-undef
  106:3    warning  'gif4' is not defined                                     no-undef
  114:16   warning  'createVector' is not defined                             no-undef
  122:18   warning  'createVector' is not defined                             no-undef
  122:38   warning  'img3y' is not defined                                    no-undef
  131:10   warning  'draw' is defined but never used                          no-unused-vars
  131:43   warning  'mouseX' is not defined                                   no-undef
  131:67   warning  'mouseY' is not defined                                   no-undef
  133:3    warning  'background' is not defined                               no-undef
  141:3    warning  'push' is not defined                                     no-undef
  143:5    warning  'tint' is not defined                                     no-undef
  145:3    warning  'image' is not defined                                    no-undef
  145:9    warning  'liquid2' is not defined                                  no-undef
  146:3    warning  'pop' is not defined                                      no-undef
  147:3    warning  'image' is not defined                                    no-undef
  147:9    warning  'frontflask' is not defined                               no-undef
  152:7    warning  'millis' is not defined                                   no-undef
  154:5    warning  'image' is not defined                                    no-undef
  154:11   warning  'nextimg' is not defined                                  no-undef
  164:5    warning  'noStroke' is not defined                                 no-undef
  165:5    warning  'rect' is not defined                                     no-undef
  166:5    warning  'fill' is not defined                                     no-undef
  193:5    warning  'image' is not defined                                    no-undef
  193:11   warning  'image3' is not defined                                   no-undef
  193:55   warning  'img3w' is not defined                                    no-undef
  214:5    warning  'image' is not defined                                    no-undef
  214:11   warning  'image3' is not defined                                   no-undef
  214:55   warning  'img3w' is not defined                                    no-undef
  221:7    warning  'img3y' is not defined                                    no-undef
  225:7    warning  'gif3' is not defined                                     no-undef
  242:5    warning  'image' is not defined                                    no-undef
  242:11   warning  'image3' is not defined                                   no-undef
  242:55   warning  'img3w' is not defined                                    no-undef
  264:5    warning  'image' is not defined                                    no-undef
  264:11   warning  'image3' is not defined                                   no-undef
  264:55   warning  'img3w' is not defined                                    no-undef
  274:7    warning  'img3y' is not defined                                    no-undef
  278:7    warning  'gif4' is not defined                                     no-undef
  285:7    warning  'image' is not defined                                    no-undef
  285:13   warning  'image3' is not defined                                   no-undef
  285:53   warning  'img3w' is not defined                                    no-undef
  289:7    warning  'image' is not defined                                    no-undef
  289:13   warning  'image3' is not defined                                   no-undef
  289:51   warning  'img3w' is not defined                                    no-undef
  296:3    warning  'image' is not defined                                    no-undef
  308:5    warning  'image' is not defined                                    no-undef
  308:11   warning  'img' is not defined                                      no-undef
  329:5    warning  'image' is not defined                                    no-undef
  329:11   warning  'img' is not defined                                      no-undef
  339:7    warning  'gif2' is not defined                                     no-undef
  346:5    warning  'image' is not defined                                    no-undef
  346:11   warning  'img' is not defined                                      no-undef
  356:10   warning  'mousePressed' is defined but never used                  no-unused-vars
  358:7    warning  'mouseX' is not defined                                   no-undef
  358:37   warning  'mouseX' is not defined                                   no-undef
  358:63   warning  'mouseY' is not defined                                   no-undef
  358:93   warning  'mouseY' is not defined                                   no-undef
  364:7    warning  'mouseX' is not defined                                   no-undef
  364:24   warning  'img3w' is not defined                                    no-undef
  364:37   warning  'mouseX' is not defined                                   no-undef
  364:54   warning  'img3w' is not defined                                    no-undef
  364:63   warning  'mouseY' is not defined                                   no-undef
  364:72   warning  'img3y' is not defined                                    no-undef
  364:93   warning  'mouseY' is not defined                                   no-undef
  364:102  warning  'img3y' is not defined                                    no-undef
  369:7    warning  'mouseX' is not defined                                   no-undef
  369:35   warning  'mouseX' is not defined                                   no-undef
  369:59   warning  'mouseY' is not defined                                   no-undef
  369:87   warning  'mouseY' is not defined                                   no-undef
  375:3    warning  'gif1' is not defined                                     no-undef
  379:16   warning  'createVector' is not defined                             no-undef
  380:17   warning  'createVector' is not defined                             no-undef
  388:3    warning  'gif2' is not defined                                     no-undef
  393:18   warning  'createVector' is not defined                             no-undef
  394:19   warning  'createVector' is not defined                             no-undef
  400:5    warning  'gif3' is not defined                                     no-undef
  406:19   warning  'createVector' is not defined                             no-undef
  407:20   warning  'createVector' is not defined                             no-undef
  412:5    warning  'gif4' is not defined                                     no-undef

/home/runner/work/exp-ester-kinetics-iitr/exp-ester-kinetics-iitr/experiment/simulation/js/second.js
   13:40   warning  'img3yimg3w' is defined but never used                    no-unused-vars
   18:5    warning  'animationInProgress' is assigned a value but never used  no-unused-vars
   23:5    warning  'gif' is defined but never used                           no-unused-vars
   24:5    warning  'blinking' is assigned a value but never used             no-unused-vars
   50:7    warning  'noStroke' is not defined                                 no-undef
   51:7    warning  'fill' is not defined                                     no-undef
   52:7    warning  'ellipse' is not defined                                  no-undef
   57:10   warning  'preload' is defined but never used                       no-unused-vars
   59:12   warning  'loadImage' is not defined                                no-undef
   60:12   warning  'loadImage' is not defined                                no-undef
   62:11   warning  'loadImage' is not defined                                no-undef
   63:3    warning  'image3' is not defined                                   no-undef
   63:12   warning  'loadImage' is not defined                                no-undef
   64:3    warning  'frontflask' is not defined                               no-undef
   64:16   warning  'loadImage' is not defined                                no-undef
   65:3    warning  'frontflask2' is not defined                              no-undef
   65:17   warning  'loadImage' is not defined                                no-undef
   66:3    warning  'liquid' is not defined                                   no-undef
   66:12   warning  'loadImage' is not defined                                no-undef
   67:3    warning  'nextimg' is not defined                                  no-undef
   67:13   warning  'loadImage' is not defined                                no-undef
   69:3    warning  'gif1' is not defined                                     no-undef
   69:10   warning  'createImg' is not defined                                no-undef
   70:3    warning  'gif2' is not defined                                     no-undef
   70:10   warning  'createImg' is not defined                                no-undef
   71:3    warning  'gif3' is not defined                                     no-undef
   71:10   warning  'createImg' is not defined                                no-undef
   72:3    warning  'gif4' is not defined                                     no-undef
   72:10   warning  'createImg' is not defined                                no-undef
   74:3    warning  'gif1' is not defined                                     no-undef
   75:3    warning  'gif2' is not defined                                     no-undef
   76:3    warning  'gif3' is not defined                                     no-undef
   77:3    warning  'gif4' is not defined                                     no-undef
   80:3    warning  'gif1' is not defined                                     no-undef
   81:3    warning  'gif2' is not defined                                     no-undef
   82:3    warning  'gif3' is not defined                                     no-undef
   83:3    warning  'gif4' is not defined                                     no-undef
   86:10   warning  'setup' is defined but never used                         no-unused-vars
   88:14   warning  'createCanvas' is not defined                             no-undef
   90:3    warning  'gif1' is not defined                                     no-undef
   91:3    warning  'gif2' is not defined                                     no-undef
   92:3    warning  'gif3' is not defined                                     no-undef
   93:3    warning  'gif4' is not defined                                     no-undef
   98:16   warning  'img3y' is not defined                                    no-undef
   98:29   warning  'img3w' is not defined                                    no-undef
  102:3    warning  'gif1' is not defined                                     no-undef
  105:3    warning  'gif1' is not defined                                     no-undef
  106:3    warning  'gif2' is not defined                                     no-undef
  107:3    warning  'gif3' is not defined                                     no-undef
  108:3    warning  'gif4' is not defined                                     no-undef
  116:16   warning  'createVector' is not defined                             no-undef
  124:18   warning  'createVector' is not defined                             no-undef
  124:38   warning  'img3y' is not defined                                    no-undef
  133:10   warning  'draw' is defined but never used                          no-unused-vars
  133:43   warning  'mouseX' is not defined                                   no-undef
  133:67   warning  'mouseY' is not defined                                   no-undef
  135:3    warning  'background' is not defined                               no-undef
  143:3    warning  'push' is not defined                                     no-undef
  145:5    warning  'tint' is not defined                                     no-undef
  147:3    warning  'image' is not defined                                    no-undef
  147:9    warning  'liquid' is not defined                                   no-undef
  148:3    warning  'image' is not defined                                    no-undef
  148:9    warning  'liquid' is not defined                                   no-undef
  150:3    warning  'pop' is not defined                                      no-undef
  153:3    warning  'image' is not defined                                    no-undef
  154:3    warning  'image' is not defined                                    no-undef
  156:3    warning  'image' is not defined                                    no-undef
  156:9    warning  'frontflask' is not defined                               no-undef
  157:3    warning  'image' is not defined                                    no-undef
  157:9    warning  'frontflask2' is not defined                              no-undef
  162:7    warning  'millis' is not defined                                   no-undef
  164:5    warning  'image' is not defined                                    no-undef
  164:11   warning  'nextimg' is not defined                                  no-undef
  174:5    warning  'noStroke' is not defined                                 no-undef
  175:5    warning  'rect' is not defined                                     no-undef
  176:5    warning  'fill' is not defined                                     no-undef
  203:5    warning  'image' is not defined                                    no-undef
  203:11   warning  'image3' is not defined                                   no-undef
  203:55   warning  'img3w' is not defined                                    no-undef
  224:5    warning  'image' is not defined                                    no-undef
  224:11   warning  'image3' is not defined                                   no-undef
  224:55   warning  'img3w' is not defined                                    no-undef
  231:7    warning  'img3y' is not defined                                    no-undef
  235:7    warning  'gif3' is not defined                                     no-undef
  252:5    warning  'image' is not defined                                    no-undef
  252:11   warning  'image3' is not defined                                   no-undef
  252:55   warning  'img3w' is not defined                                    no-undef
  274:5    warning  'image' is not defined                                    no-undef
  274:11   warning  'image3' is not defined                                   no-undef
  274:55   warning  'img3w' is not defined                                    no-undef
  284:7    warning  'img3y' is not defined                                    no-undef
  288:7    warning  'gif4' is not defined                                     no-undef
  295:7    warning  'image' is not defined                                    no-undef
  295:13   warning  'image3' is not defined                                   no-undef
  295:53   warning  'img3w' is not defined                                    no-undef
  299:7    warning  'image' is not defined                                    no-undef
  299:13   warning  'image3' is not defined                                   no-undef
  299:51   warning  'img3w' is not defined                                    no-undef
  348:7    warning  'gif2' is not defined                                     no-undef
  365:10   warning  'mousePressed' is defined but never used                  no-unused-vars
  367:7    warning  'mouseX' is not defined                                   no-undef
  367:37   warning  'mouseX' is not defined                                   no-undef
  367:63   warning  'mouseY' is not defined                                   no-undef
  367:93   warning  'mouseY' is not defined                                   no-undef
  373:7    warning  'mouseX' is not defined                                   no-undef
  373:24   warning  'img3w' is not defined                                    no-undef
  373:37   warning  'mouseX' is not defined                                   no-undef
  373:54   warning  'img3w' is not defined                                    no-undef
  373:63   warning  'mouseY' is not defined                                   no-undef
  373:72   warning  'img3y' is not defined                                    no-undef
  373:93   warning  'mouseY' is not defined                                   no-undef
  373:102  warning  'img3y' is not defined                                    no-undef
  378:7    warning  'mouseX' is not defined                                   no-undef
  378:35   warning  'mouseX' is not defined                                   no-undef
  378:59   warning  'mouseY' is not defined                                   no-undef
  378:87   warning  'mouseY' is not defined                                   no-undef
  384:3    warning  'gif1' is not defined                                     no-undef
  388:16   warning  'createVector' is not defined                             no-undef
  389:17   warning  'createVector' is not defined                             no-undef
  397:3    warning  'gif2' is not defined                                     no-undef
  402:18   warning  'createVector' is not defined                             no-undef
  403:19   warning  'createVector' is not defined                             no-undef
  409:5    warning  'gif3' is not defined                                     no-undef
  415:19   warning  'createVector' is not defined                             no-undef
  416:20   warning  'createVector' is not defined                             no-undef
  421:5    warning  'gif4' is not defined                                     no-undef

/home/runner/work/exp-ester-kinetics-iitr/exp-ester-kinetics-iitr/experiment/simulation/js/storage.js
  1:7  warning  'ExperimentStorage' is assigned a value but never used  no-unused-vars

✖ 986 problems (0 errors, 986 warnings)
  0 errors and 4 warnings potentially fixable with the `--fix` option.

